mode: set
procreepy/cmd/procreepy/main.go:12.2,13.1 1 1
procreepy/internal/batch/batch.go:31.2,32.1 1 1
procreepy/internal/batch/batch.go:39.2,39.16 1 1
procreepy/internal/batch/batch.go:40.3,41.17 2 1
procreepy/internal/batch/batch.go:42.4,43.1 1 0
procreepy/internal/batch/batch.go:44.3,45.26 2 1
procreepy/internal/batch/batch.go:46.4,46.43 1 1
procreepy/internal/batch/batch.go:47.5,47.13 1 1
procreepy/internal/batch/batch.go:49.4,50.66 2 1
procreepy/internal/batch/batch.go:51.5,52.1 1 1
procreepy/internal/batch/batch.go:54.3,54.20 1 1
procreepy/internal/batch/batch.go:56.2,58.26 3 1
procreepy/internal/batch/batch.go:59.3,60.17 2 1
procreepy/internal/batch/batch.go:61.4,62.1 1 0
procreepy/internal/batch/batch.go:63.3,64.26 2 1
procreepy/internal/batch/batch.go:65.4,65.40 1 1
procreepy/internal/batch/batch.go:66.5,66.13 1 0
procreepy/internal/batch/batch.go:68.4,70.18 3 1
procreepy/internal/batch/batch.go:71.5,71.13 1 0
procreepy/internal/batch/batch.go:73.4,73.18 1 1
procreepy/internal/batch/batch.go:74.5,75.1 1 1
procreepy/internal/batch/batch.go:75.11,75.36 1 1
procreepy/internal/batch/batch.go:76.5,77.1 1 1
procreepy/internal/batch/batch.go:79.3,82.26 4 1
procreepy/internal/batch/batch.go:83.4,84.1 1 1
procreepy/internal/batch/batch.go:86.2,87.19 2 1
procreepy/internal/batch/batch.go:91.2,93.12 3 1
procreepy/internal/batch/batch.go:94.3,95.1 1 0
procreepy/internal/batch/batch.go:96.2,96.23 1 1
procreepy/internal/batch/batch.go:100.2,104.11 5 1
procreepy/internal/batch/batch.go:105.3,106.1 1 1
procreepy/internal/batch/batch.go:107.2,107.17 1 1
procreepy/internal/batch/batch.go:108.3,110.1 2 0
procreepy/internal/batch/batch.go:111.2,111.13 1 1
procreepy/internal/batch/batch.go:118.2,120.28 3 1
procreepy/internal/batch/batch.go:121.3,122.16 2 1
procreepy/internal/batch/batch.go:123.4,123.55 1 1
procreepy/internal/batch/batch.go:124.5,125.1 1 1
procreepy/internal/batch/batch.go:127.3,129.48 3 1
procreepy/internal/batch/batch.go:131.2,131.13 1 1
procreepy/internal/batch/batch.go:141.2,141.22 1 1
procreepy/internal/batch/batch.go:142.3,144.1 1 1
procreepy/internal/batch/batch.go:145.2,146.18 2 1
procreepy/internal/batch/batch.go:147.3,148.1 1 1
procreepy/internal/batch/batch.go:149.2,149.59 1 1
procreepy/internal/batch/batch.go:150.3,151.1 1 1
procreepy/internal/batch/batch.go:152.2,153.16 2 1
procreepy/internal/batch/batch.go:154.3,155.1 1 0
procreepy/internal/batch/batch.go:156.2,156.21 1 1
procreepy/internal/batch/batch.go:157.3,158.17 2 1
procreepy/internal/batch/batch.go:159.4,160.1 1 1
procreepy/internal/batch/batch.go:161.3,161.87 1 1
procreepy/internal/batch/batch.go:163.2,163.51 1 1
procreepy/internal/batch/batch.go:164.3,165.1 1 0
procreepy/internal/batch/batch.go:167.2,169.1 5 1
procreepy/internal/batch/batch.go:170.2,172.25 5 1
procreepy/internal/batch/batch.go:173.3,173.37 1 1
procreepy/internal/batch/batch.go:174.4,175.1 1 0
procreepy/internal/batch/batch.go:176.3,177.53 2 1
procreepy/internal/batch/batch.go:178.4,180.12 3 1
procreepy/internal/batch/batch.go:182.3,182.65 1 1
procreepy/internal/batch/batch.go:183.4,185.12 3 0
procreepy/internal/batch/batch.go:187.3,189.17 2 1
procreepy/internal/batch/batch.go:190.4,190.38 1 1
procreepy/internal/batch/batch.go:191.5,192.1 1 0
procreepy/internal/batch/batch.go:193.4,193.47 1 1
procreepy/internal/batch/batch.go:194.5,196.1 2 1
procreepy/internal/batch/batch.go:198.5,198.45 1 1
procreepy/internal/batch/batch.go:199.6,200.1 1 1
procreepy/internal/batch/batch.go:201.6,202.1 1 1
procreepy/internal/batch/batch.go:203.5,203.13 1 1
procreepy/internal/batch/batch.go:205.4,205.12 1 1
procreepy/internal/batch/batch.go:207.3,208.14 2 1
procreepy/internal/batch/batch.go:211.2,212.17 2 1
procreepy/internal/batch/batch.go:213.3,214.1 1 1
procreepy/internal/batch/batch.go:215.2,215.17 1 1
procreepy/internal/batch/batch.go:216.3,217.1 1 1
procreepy/internal/batch/batch.go:218.2,218.16 1 1
procreepy/internal/batch/batch.go:219.3,220.1 1 1
procreepy/internal/batch/batch.go:221.2,222.16 2 1
procreepy/internal/batch/batch.go:223.3,224.1 1 1
procreepy/internal/batch/batch.go:225.2,225.15 1 1
procreepy/internal/batch/batch.go:235.2,236.16 2 1
procreepy/internal/batch/batch.go:237.3,238.1 1 0
procreepy/internal/batch/batch.go:239.2,239.21 1 1
procreepy/internal/batch/batch.go:240.3,241.17 2 0
procreepy/internal/batch/batch.go:242.4,243.1 1 0
procreepy/internal/batch/batch.go:244.3,244.87 1 0
procreepy/internal/batch/batch.go:246.2,247.28 2 1
procreepy/internal/batch/batch.go:248.3,248.12 1 1
procreepy/internal/batch/batch.go:249.4,249.50 1 1
procreepy/internal/batch/batch.go:250.5,251.1 1 0
procreepy/internal/batch/batch.go:253.3,254.51 2 1
procreepy/internal/batch/batch.go:255.4,256.1 1 0
procreepy/internal/batch/batch.go:257.3,257.18 1 1
procreepy/internal/batch/batch.go:258.4,258.48 1 1
procreepy/internal/batch/batch.go:259.5,260.1 1 1
procreepy/internal/batch/batch.go:261.5,263.1 2 1
procreepy/internal/batch/batch.go:266.2,266.16 1 1
procreepy/internal/batch/batch.go:267.3,268.1 1 1
procreepy/internal/batch/batch.go:269.2,269.15 1 1
procreepy/internal/batch/batch.go:274.2,275.36 2 0
procreepy/internal/batch/batch.go:276.3,277.14 2 0
procreepy/internal/batch/batch.go:278.4,279.1 1 0
procreepy/internal/batch/batch.go:281.2,281.20 1 0
procreepy/internal/cli/cli.go:111.2,112.1 1 1
procreepy/internal/cli/cli.go:116.2,118.13 3 1
procreepy/internal/cli/cli.go:120.3,121.16 2 1
procreepy/internal/cli/cli.go:123.3,124.16 2 1
procreepy/internal/cli/cli.go:126.2,126.17 1 1
procreepy/internal/cli/cli.go:127.3,130.1 3 1
procreepy/internal/cli/cli.go:131.2,132.1 5 1
procreepy/internal/cli/cli.go:133.2,135.1 5 1
procreepy/internal/cli/cli.go:136.2,141.9 5 1
procreepy/internal/cli/cli.go:142.3,142.16 1 1
procreepy/internal/cli/cli.go:143.4,143.32 1 1
procreepy/internal/cli/cli.go:144.5,144.49 1 0
procreepy/internal/cli/cli.go:145.6,145.14 1 0
procreepy/internal/cli/cli.go:147.5,148.20 2 0
procreepy/internal/cli/cli.go:151.3,151.39 1 1
procreepy/internal/cli/cli.go:154.2,154.14 1 1
procreepy/internal/cli/cli.go:155.3,156.1 1 0
procreepy/internal/cli/cli.go:157.2,157.16 1 1
procreepy/internal/cli/cli.go:158.3,158.39 1 1
procreepy/internal/cli/cli.go:159.4,161.1 2 0
procreepy/internal/cli/cli.go:162.3,163.21 2 1
procreepy/internal/cli/cli.go:165.2,165.13 1 1
procreepy/internal/cli/cli.go:169.2,172.1 4 1
procreepy/internal/cli/cli.go:173.2,173.24 4 1
procreepy/internal/cli/cli.go:174.3,174.18 1 1
procreepy/internal/cli/cli.go:175.4,176.1 1 1
procreepy/internal/cli/cli.go:177.3,177.14 1 1
procreepy/internal/cli/cli.go:178.4,179.1 1 1
procreepy/internal/cli/cli.go:180.3,180.48 1 1
procreepy/internal/cli/cli.go:181.4,181.14 1 1
procreepy/internal/cli/cli.go:182.5,183.1 1 1
procreepy/internal/cli/cli.go:184.4,184.45 1 1
procreepy/internal/cli/cli.go:186.3,186.12 1 1
procreepy/internal/cli/cli.go:187.4,188.1 1 1
procreepy/internal/cli/cli.go:189.3,190.53 2 1
procreepy/internal/cli/cli.go:191.4,192.1 1 0
procreepy/internal/cli/cli.go:193.3,193.16 1 1
procreepy/internal/cli/cli.go:196.2,196.11 1 1
procreepy/internal/cli/cli.go:197.3,198.18 2 1
procreepy/internal/cli/cli.go:199.4,200.1 1 1
procreepy/internal/cli/cli.go:201.3,201.82 1 1
procreepy/internal/cli/cli.go:204.2,205.16 2 1
procreepy/internal/cli/cli.go:206.3,207.1 1 1
procreepy/internal/cli/cli.go:208.2,208.72 1 1
procreepy/internal/cli/cli.go:209.3,210.1 1 1
procreepy/internal/cli/cli.go:211.2,211.20 1 1
procreepy/internal/cli/cli.go:215.2,216.25 2 1
procreepy/internal/cli/cli.go:217.3,218.1 1 1
procreepy/internal/cli/cli.go:219.2,220.25 2 1
procreepy/internal/cli/cli.go:221.3,222.1 1 1
procreepy/internal/cli/cli.go:223.2,224.26 2 1
procreepy/internal/cli/cli.go:225.3,226.1 1 1
procreepy/internal/cli/cli.go:227.2,228.25 2 1
procreepy/internal/cli/cli.go:229.3,230.1 1 1
procreepy/internal/cli/cli.go:231.2,231.9 1 1
procreepy/internal/cli/cli.go:233.3,233.24 1 1
procreepy/internal/cli/cli.go:235.3,235.19 1 0
procreepy/internal/cli/cli.go:237.3,237.24 1 1
procreepy/internal/cli/cli.go:239.2,239.20 1 0
procreepy/internal/cli/cli.go:243.2,245.1 2 1
procreepy/internal/cli/cli.go:252.2,255.1 4 1
procreepy/internal/cli/cli.go:256.2,256.72 4 1
procreepy/internal/cli/cli.go:257.3,258.1 1 1
procreepy/internal/cli/cli.go:261.2,261.87 1 1
procreepy/internal/cli/cli.go:262.3,262.13 1 1
procreepy/internal/cli/cli.go:263.4,264.1 1 1
procreepy/internal/cli/cli.go:265.3,265.27 1 1
procreepy/internal/cli/cli.go:268.2,269.20 2 1
procreepy/internal/cli/cli.go:270.3,271.18 2 1
procreepy/internal/cli/cli.go:272.4,272.33 1 1
procreepy/internal/cli/cli.go:273.5,273.23 1 0
procreepy/internal/cli/cli.go:275.6,275.17 1 0
procreepy/internal/cli/cli.go:277.6,277.37 1 0
procreepy/internal/cli/cli.go:279.6,279.30 1 0
procreepy/internal/cli/cli.go:281.5,281.17 1 0
procreepy/internal/cli/cli.go:283.4,283.9 1 1
procreepy/internal/cli/cli.go:285.3,285.35 1 1
procreepy/internal/cli/cli.go:286.4,288.51 3 1
procreepy/internal/cli/cli.go:289.5,290.1 1 1
procreepy/internal/cli/cli.go:291.4,291.16 1 1
procreepy/internal/cli/cli.go:293.5,293.67 1 1
procreepy/internal/cli/cli.go:294.6,295.1 1 1
procreepy/internal/cli/cli.go:296.5,296.30 1 1
procreepy/internal/cli/cli.go:298.5,298.64 1 1
procreepy/internal/cli/cli.go:299.6,300.1 1 1
procreepy/internal/cli/cli.go:301.5,301.27 1 1
procreepy/internal/cli/cli.go:303.5,303.64 1 1
procreepy/internal/cli/cli.go:304.6,305.1 1 1
procreepy/internal/cli/cli.go:306.5,307.17 2 1
procreepy/internal/cli/cli.go:308.6,309.1 1 1
procreepy/internal/cli/cli.go:311.5,311.66 1 1
procreepy/internal/cli/cli.go:312.6,313.1 1 0
procreepy/internal/cli/cli.go:314.5,315.15 2 1
procreepy/internal/cli/cli.go:316.6,317.1 1 1
procreepy/internal/cli/cli.go:319.5,319.69 1 0
procreepy/internal/cli/cli.go:320.6,321.1 1 0
procreepy/internal/cli/cli.go:322.5,322.23 1 0
procreepy/internal/cli/cli.go:324.5,324.65 1 0
procreepy/internal/cli/cli.go:325.6,326.1 1 0
procreepy/internal/cli/cli.go:327.5,327.19 1 0
procreepy/internal/cli/cli.go:329.5,329.66 1 1
procreepy/internal/cli/cli.go:330.6,331.1 1 0
procreepy/internal/cli/cli.go:332.5,332.20 1 1
procreepy/internal/cli/cli.go:334.5,334.68 1 1
procreepy/internal/cli/cli.go:335.6,336.1 1 0
procreepy/internal/cli/cli.go:337.5,337.22 1 1
procreepy/internal/cli/cli.go:339.5,339.65 1 1
procreepy/internal/cli/cli.go:340.6,341.1 1 0
procreepy/internal/cli/cli.go:342.5,342.19 1 1
procreepy/internal/cli/cli.go:344.5,344.65 1 0
procreepy/internal/cli/cli.go:345.6,346.1 1 0
procreepy/internal/cli/cli.go:347.5,347.19 1 0
procreepy/internal/cli/cli.go:349.5,349.15 1 1
procreepy/internal/cli/cli.go:350.6,351.1 1 1
procreepy/internal/cli/cli.go:351.12,351.31 1 1
procreepy/internal/cli/cli.go:352.6,353.41 2 1
procreepy/internal/cli/cli.go:355.7,356.1 1 1
procreepy/internal/cli/cli.go:357.6,358.21 2 1
procreepy/internal/cli/cli.go:360.6,361.1 1 1
procreepy/internal/cli/cli.go:363.5,363.51 1 1
procreepy/internal/cli/cli.go:365.10,365.43 1 1
procreepy/internal/cli/cli.go:367.4,367.40 1 1
procreepy/internal/cli/cli.go:368.5,369.14 2 1
procreepy/internal/cli/cli.go:371.6,371.28 1 1
procreepy/internal/cli/cli.go:373.6,373.24 1 1
procreepy/internal/cli/cli.go:375.6,375.20 1 1
procreepy/internal/cli/cli.go:377.6,377.20 1 1
procreepy/internal/cli/cli.go:379.6,379.51 1 1
procreepy/internal/cli/cli.go:383.4,383.22 1 1
procreepy/internal/cli/cli.go:385.5,385.18 1 1
procreepy/internal/cli/cli.go:387.5,387.38 1 1
procreepy/internal/cli/cli.go:389.5,389.31 1 1
procreepy/internal/cli/cli.go:391.4,391.16 1 1
procreepy/internal/cli/cli.go:393.3,393.6 1 1
procreepy/internal/cli/cli.go:396.2,396.20 1 1
procreepy/internal/cli/cli.go:397.3,398.1 1 1
procreepy/internal/cli/cli.go:399.2,399.21 1 1
procreepy/internal/cli/cli.go:400.3,401.1 1 1
procreepy/internal/cli/cli.go:402.2,402.24 1 1
procreepy/internal/mp4/concat.go:32.2,33.25 2 1
procreepy/internal/mp4/concat.go:34.3,35.1 1 1
procreepy/internal/mp4/concat.go:36.2,42.1 1 1
procreepy/internal/mp4/concat.go:46.2,51.1 1 1
procreepy/internal/mp4/concat.go:54.2,54.23 1 1
procreepy/internal/mp4/concat.go:55.3,56.1 1 1
procreepy/internal/mp4/concat.go:57.2,57.68 1 1
procreepy/internal/mp4/concat.go:61.2,62.29 2 1
procreepy/internal/mp4/concat.go:63.3,64.1 1 1
procreepy/internal/mp4/concat.go:65.2,65.12 1 1
procreepy/internal/mp4/concat.go:69.2,69.22 1 1
procreepy/internal/mp4/concat.go:70.3,71.1 1 0
procreepy/internal/mp4/concat.go:72.2,72.19 1 1
procreepy/internal/mp4/concat.go:73.3,73.23 1 1
procreepy/internal/mp4/concat.go:74.4,75.1 1 1
procreepy/internal/mp4/concat.go:77.2,77.13 1 1
procreepy/internal/mp4/concat.go:81.2,81.20 1 1
procreepy/internal/mp4/concat.go:82.3,83.1 1 0
procreepy/internal/mp4/concat.go:84.2,85.25 2 1
procreepy/internal/mp4/concat.go:86.3,87.1 1 1
procreepy/internal/mp4/concat.go:88.2,88.34 1 1
procreepy/internal/mp4/concat.go:130.2,130.22 1 1
procreepy/internal/mp4/concat.go:131.3,132.1 1 0
procreepy/internal/mp4/concat.go:133.2,134.27 2 1
procreepy/internal/mp4/concat.go:135.3,135.15 1 1
procreepy/internal/mp4/concat.go:136.4,137.1 1 0
procreepy/internal/mp4/concat.go:138.3,138.23 1 1
procreepy/internal/mp4/concat.go:139.4,140.1 1 0
procreepy/internal/mp4/concat.go:142.2,142.27 1 1
procreepy/internal/mp4/concat.go:143.3,144.1 1 0
procreepy/internal/mp4/concat.go:145.2,146.1 3 1
procreepy/internal/mp4/concat.go:147.2,148.32 3 1
procreepy/internal/mp4/concat.go:149.3,149.47 1 1
procreepy/internal/mp4/concat.go:150.4,151.12 2 0
procreepy/internal/mp4/concat.go:153.3,153.39 1 1
procreepy/internal/mp4/concat.go:154.4,155.1 1 0
procreepy/internal/mp4/concat.go:157.2,157.18 1 1
procreepy/internal/mp4/concat.go:158.3,159.19 2 0
procreepy/internal/mp4/concat.go:160.4,162.1 2 0
procreepy/internal/mp4/concat.go:163.4,164.1 1 0
procreepy/internal/mp4/concat.go:165.3,165.106 1 0
procreepy/internal/mp4/concat.go:168.2,180.1 3 1
procreepy/internal/mp4/concat.go:181.2,181.23 3 1
procreepy/internal/mp4/concat.go:182.3,183.1 1 0
procreepy/internal/mp4/concat.go:184.2,184.28 1 1
procreepy/internal/mp4/concat.go:185.3,188.1 3 1
procreepy/internal/mp4/concat.go:189.2,189.28 1 1
procreepy/internal/mp4/concat.go:190.3,192.29 3 1
procreepy/internal/mp4/concat.go:193.4,197.30 5 1
procreepy/internal/mp4/concat.go:198.5,199.1 1 1
procreepy/internal/mp4/concat.go:200.4,200.30 1 1
procreepy/internal/mp4/concat.go:201.5,202.1 1 1
procreepy/internal/mp4/concat.go:203.4,203.18 1 1
procreepy/internal/mp4/concat.go:204.5,204.38 1 0
procreepy/internal/mp4/concat.go:205.6,206.1 1 0
procreepy/internal/mp4/concat.go:208.4,208.30 1 1
procreepy/internal/mp4/concat.go:209.5,210.1 1 0
procreepy/internal/mp4/concat.go:211.4,212.34 2 1
procreepy/internal/mp4/concat.go:213.5,215.1 2 1
procreepy/internal/mp4/concat.go:216.4,217.36 2 1
procreepy/internal/mp4/concat.go:219.3,221.21 3 1
procreepy/internal/mp4/concat.go:223.2,223.16 1 1
procreepy/internal/mp4/concat.go:227.2,227.29 1 1
procreepy/internal/mp4/concat.go:228.3,228.26 1 1
procreepy/internal/mp4/concat.go:229.4,230.1 1 1
procreepy/internal/mp4/concat.go:232.2,232.14 1 0
procreepy/internal/mp4/concat.go:238.2,238.57 1 1
procreepy/internal/mp4/concat.go:239.3,241.1 2 1
procreepy/internal/mp4/concat.go:242.2,242.60 1 1
procreepy/internal/mp4/concat.go:246.2,246.105 1 1
procreepy/internal/mp4/concat.go:247.3,248.1 1 1
procreepy/internal/mp4/concat.go:249.2,249.103 1 1
procreepy/internal/mp4/concat.go:253.2,253.60 1 0
procreepy/internal/mp4/concat.go:254.3,256.1 2 0
procreepy/internal/mp4/concat.go:257.2,257.65 1 0
procreepy/internal/mp4/concat.go:261.35,261.60 1 1
procreepy/internal/mp4/concat.go:265.43,265.77 1 1
procreepy/internal/mp4/concat.go:269.38,269.82 1 1
procreepy/internal/mp4/concat.go:272.39,272.62 1 0
procreepy/internal/mp4/concat.go:276.49,276.71 1 1
procreepy/internal/mp4/concat.go:277.49,277.70 1 1
procreepy/internal/mp4/concat.go:281.2,282.1 1 1
procreepy/internal/mp4/concat.go:285.2,286.29 2 1
procreepy/internal/mp4/concat.go:287.3,288.1 1 1
procreepy/internal/mp4/concat.go:289.2,289.13 1 1
procreepy/internal/mp4/concat.go:293.2,295.31 3 1
procreepy/internal/mp4/concat.go:296.3,305.17 10 1
procreepy/internal/mp4/concat.go:306.4,307.1 1 0
procreepy/internal/mp4/concat.go:308.3,308.17 1 1
procreepy/internal/mp4/concat.go:309.4,310.1 1 0
procreepy/internal/mp4/concat.go:311.3,314.28 4 1
procreepy/internal/mp4/concat.go:315.4,317.1 2 1
procreepy/internal/mp4/concat.go:318.4,319.1 1 1
procreepy/internal/mp4/concat.go:320.3,323.53 4 1
procreepy/internal/mp4/concat.go:325.2,325.35 1 1
procreepy/internal/mp4/concat.go:332.2,332.37 1 1
procreepy/internal/mp4/concat.go:333.3,334.1 1 0
procreepy/internal/mp4/concat.go:335.2,337.20 3 1
procreepy/internal/mp4/concat.go:338.3,342.1 4 0
procreepy/internal/mp4/concat.go:343.2,345.19 3 1
procreepy/internal/mp4/concat.go:350.2,350.24 1 1
procreepy/internal/mp4/concat.go:351.3,352.1 1 0
procreepy/internal/mp4/concat.go:353.2,353.10 1 1
procreepy/internal/mp4/concat.go:359.2,362.1 5 1
procreepy/internal/mp4/concat.go:364.2,365.31 5 1
procreepy/internal/mp4/concat.go:366.3,369.1 3 1
procreepy/internal/mp4/concat.go:370.2,370.22 1 1
procreepy/internal/mp4/concat.go:374.2,374.30 1 1
procreepy/internal/mp4/concat.go:375.3,375.30 1 1
procreepy/internal/mp4/concat.go:376.4,376.52 1 1
procreepy/internal/mp4/concat.go:377.5,378.1 1 0
procreepy/internal/mp4/concat.go:381.2,381.13 1 1
procreepy/internal/mp4/concat.go:387.2,387.17 1 1
procreepy/internal/mp4/concat.go:388.3,389.1 1 0
procreepy/internal/mp4/concat.go:390.2,391.20 2 1
procreepy/internal/mp4/concat.go:392.3,393.1 1 1
procreepy/internal/mp4/concat.go:394.3,396.1 2 0
procreepy/internal/mp4/concat.go:397.2,400.12 4 1
procreepy/internal/mp4/concat.go:404.34,404.49 1 1
procreepy/internal/mp4/concat.go:408.2,408.37 1 0
procreepy/internal/mp4/concat.go:409.3,409.13 1 0
procreepy/internal/mp4/concat.go:411.2,411.18 1 0
procreepy/internal/mp4/concat.go:416.2,416.37 1 1
procreepy/internal/mp4/concat.go:417.3,417.13 1 0
procreepy/internal/mp4/concat.go:419.2,419.43 1 1
procreepy/internal/mp4/concat.go:424.2,424.37 1 0
procreepy/internal/mp4/concat.go:425.3,425.13 1 0
procreepy/internal/mp4/concat.go:427.2,427.22 1 0
procreepy/internal/mp4/concat.go:433.2,433.37 1 0
procreepy/internal/mp4/concat.go:434.3,435.1 1 0
procreepy/internal/mp4/concat.go:436.2,436.37 1 0
procreepy/internal/mp4/concat.go:437.3,438.1 1 0
procreepy/internal/mp4/concat.go:439.2,439.45 1 0
procreepy/internal/mp4/concat.go:440.3,441.1 1 0
procreepy/internal/mp4/concat.go:442.2,442.47 1 0
procreepy/internal/mp4/concat.go:443.3,444.1 1 0
procreepy/internal/mp4/concat.go:445.2,445.29 1 0
procreepy/internal/mp4/concat.go:446.3,446.36 1 0
procreepy/internal/mp4/concat.go:447.4,448.1 1 0
procreepy/internal/mp4/concat.go:449.3,450.17 2 0
procreepy/internal/mp4/concat.go:451.4,452.1 1 0
procreepy/internal/mp4/concat.go:453.3,453.44 1 0
procreepy/internal/mp4/concat.go:454.4,455.1 1 0
procreepy/internal/mp4/concat.go:456.3,456.41 1 0
procreepy/internal/mp4/concat.go:457.4,458.1 1 0
procreepy/internal/mp4/concat.go:460.2,460.12 1 0
procreepy/internal/mp4/concat.go:465.2,466.47 2 0
procreepy/internal/mp4/concat.go:467.3,468.1 1 0
procreepy/internal/mp4/concat.go:469.2,469.25 1 0
procreepy/internal/mp4/config.go:14.2,14.28 1 1
procreepy/internal/mp4/config.go:15.3,16.1 1 0
procreepy/internal/mp4/config.go:17.2,19.20 3 1
procreepy/internal/mp4/config.go:23.2,24.25 2 0
procreepy/internal/mp4/config.go:25.3,26.17 2 0
procreepy/internal/mp4/config.go:27.4,28.1 1 0
procreepy/internal/mp4/config.go:29.3,29.23 1 0
procreepy/internal/mp4/config.go:31.2,31.15 1 0
procreepy/internal/mp4/config.go:35.2,36.6 2 1
procreepy/internal/mp4/config.go:37.3,38.17 2 1
procreepy/internal/mp4/config.go:39.4,40.1 1 0
procreepy/internal/mp4/config.go:41.3,41.13 1 1
procreepy/internal/mp4/config.go:42.4,42.9 1 1
procreepy/internal/mp4/config.go:44.3,45.17 2 0
procreepy/internal/mp4/config.go:46.4,47.1 1 0
procreepy/internal/mp4/config.go:49.2,49.16 1 1
procreepy/internal/mp4/config.go:50.3,51.1 1 1
procreepy/internal/mp4/config.go:52.2,53.16 2 0
procreepy/internal/mp4/config.go:54.3,55.1 1 0
procreepy/internal/mp4/config.go:56.2,56.43 1 0
procreepy/internal/mp4/config.go:61.2,61.18 1 1
procreepy/internal/mp4/config.go:62.3,63.1 1 0
procreepy/internal/mp4/config.go:64.2,65.18 2 1
procreepy/internal/mp4/config.go:66.3,67.1 1 1
procreepy/internal/mp4/config.go:69.2,71.34 3 0
procreepy/internal/mp4/config.go:72.3,73.1 1 0
procreepy/internal/mp4/config.go:74.2,76.14 3 0
procreepy/internal/mp4/config.go:77.3,78.1 1 0
procreepy/internal/mp4/config.go:79.2,79.31 1 0
procreepy/internal/mp4/config.go:86.2,87.42 2 1
procreepy/internal/mp4/config.go:88.3,90.18 3 1
procreepy/internal/mp4/config.go:91.4,92.1 1 1
procreepy/internal/mp4/config.go:94.2,94.12 1 0
procreepy/internal/mp4/config.go:95.3,96.1 1 0
procreepy/internal/mp4/config.go:97.2,97.15 1 0
procreepy/internal/mp4/config.go:103.2,104.14 2 1
procreepy/internal/mp4/config.go:105.3,105.16 1 1
procreepy/internal/mp4/config.go:106.4,107.1 1 0
procreepy/internal/mp4/config.go:108.3,110.26 3 1
procreepy/internal/mp4/config.go:111.4,112.1 1 0
procreepy/internal/mp4/config.go:113.3,115.20 3 1
procreepy/internal/mp4/config.go:116.4,117.1 1 1
procreepy/internal/mp4/config.go:118.3,119.14 2 1
procreepy/internal/mp4/config.go:121.4,121.74 1 1
procreepy/internal/mp4/config.go:122.5,123.1 1 0
procreepy/internal/mp4/config.go:125.4,125.31 1 0
procreepy/internal/mp4/config.go:126.5,127.1 1 0
procreepy/internal/mp4/config.go:128.4,128.14 1 0
procreepy/internal/mp4/config.go:131.2,131.12 1 1
procreepy/internal/mp4/config.go:138.2,138.18 1 1
procreepy/internal/mp4/config.go:139.3,140.1 1 0
procreepy/internal/mp4/config.go:141.2,144.15 4 1
procreepy/internal/mp4/config.go:145.3,146.1 1 0
procreepy/internal/mp4/config.go:147.2,148.28 2 1
procreepy/internal/mp4/config.go:149.3,149.23 1 1
procreepy/internal/mp4/config.go:150.4,151.1 1 0
procreepy/internal/mp4/config.go:152.3,154.33 3 1
procreepy/internal/mp4/config.go:155.4,156.1 1 0
procreepy/internal/mp4/config.go:157.3,157.11 1 1
procreepy/internal/mp4/config.go:159.2,159.22 1 1
procreepy/internal/mp4/config.go:160.3,161.1 1 0
procreepy/internal/mp4/config.go:162.2,164.28 3 1
procreepy/internal/mp4/config.go:165.3,165.23 1 1
procreepy/internal/mp4/config.go:166.4,167.1 1 0
procreepy/internal/mp4/config.go:168.3,170.33 3 1
procreepy/internal/mp4/config.go:171.4,172.1 1 0
procreepy/internal/mp4/config.go:173.3,173.11 1 1
procreepy/internal/mp4/config.go:175.2,175.29 1 1
procreepy/internal/mp4/config.go:181.2,181.44 1 1
procreepy/internal/mp4/config.go:182.3,182.16 1 0
procreepy/internal/mp4/config.go:183.4,184.9 2 0
procreepy/internal/mp4/config.go:186.3,186.16 1 0
procreepy/internal/mp4/config.go:187.4,188.12 2 0
procreepy/internal/mp4/config.go:190.3,190.8 1 0
procreepy/internal/mp4/config.go:192.2,192.16 1 1
procreepy/internal/mp4/config.go:193.3,194.1 1 0
procreepy/internal/mp4/config.go:195.2,198.1 4 1
procreepy/internal/mp4/config.go:199.2,199.34 4 1
procreepy/internal/mp4/config.go:200.3,201.1 1 0
procreepy/internal/mp4/config.go:202.2,205.17 2 1
procreepy/internal/mp4/config.go:206.3,207.1 1 1
procreepy/internal/mp4/config.go:208.2,209.16 2 0
procreepy/internal/mp4/config.go:210.3,211.1 1 0
procreepy/internal/mp4/config.go:212.2,213.37 2 0
procreepy/internal/mp4/config.go:218.2,219.25 2 1
procreepy/internal/mp4/config.go:220.3,221.1 1 0
procreepy/internal/mp4/config.go:222.2,223.15 2 1
procreepy/internal/mp4/config.go:224.3,225.1 1 0
procreepy/internal/mp4/config.go:226.2,227.28 2 1
procreepy/internal/mp4/config.go:228.3,228.23 1 1
procreepy/internal/mp4/config.go:229.4,230.1 1 0
procreepy/internal/mp4/config.go:231.3,233.33 3 1
procreepy/internal/mp4/config.go:234.4,235.1 1 0
procreepy/internal/mp4/config.go:236.3,236.56 1 1
procreepy/internal/mp4/config.go:237.4,238.1 1 1
procreepy/internal/mp4/config.go:239.3,239.11 1 0
procreepy/internal/mp4/config.go:241.2,241.11 1 0
procreepy/internal/mp4/config.go:246.2,246.17 1 0
procreepy/internal/mp4/config.go:248.3,248.20 1 0
procreepy/internal/mp4/config.go:250.3,250.16 1 0
procreepy/internal/mp4/config.go:252.3,252.20 1 0
procreepy/internal/mp4/config.go:254.3,254.16 1 0
procreepy/internal/mp4/config.go:256.3,256.19 1 0
procreepy/internal/mp4/config.go:258.3,258.22 1 0
procreepy/internal/mp4/config.go:260.3,260.33 1 0
procreepy/internal/mp4/config.go:262.2,262.43 1 0
procreepy/internal/mp4/parse.go:12.2,14.16 3 1
procreepy/internal/mp4/parse.go:15.3,16.1 1 0
procreepy/internal/mp4/parse.go:17.2,19.24 3 1
procreepy/internal/mp4/parse.go:20.3,20.17 1 1
procreepy/internal/mp4/parse.go:22.4,22.21 1 1
procreepy/internal/mp4/parse.go:23.5,24.1 1 0
procreepy/internal/mp4/parse.go:25.4,26.51 2 1
procreepy/internal/mp4/parse.go:27.5,28.1 1 0
procreepy/internal/mp4/parse.go:29.4,29.16 1 1
procreepy/internal/mp4/parse.go:31.4,31.16 1 1
procreepy/internal/mp4/parse.go:32.5,33.1 1 0
procreepy/internal/mp4/parse.go:34.4,35.30 2 1
procreepy/internal/mp4/parse.go:36.5,37.1 1 0
procreepy/internal/mp4/parse.go:38.4,38.45 1 1
procreepy/internal/mp4/parse.go:39.5,40.1 1 0
procreepy/internal/mp4/parse.go:42.4,42.73 1 1
procreepy/internal/mp4/parse.go:44.4,44.81 1 0
procreepy/internal/mp4/parse.go:47.2,47.15 1 1
procreepy/internal/mp4/parse.go:48.3,49.1 1 0
procreepy/internal/mp4/parse.go:50.2,50.22 1 1
procreepy/internal/mp4/parse.go:51.3,52.1 1 0
procreepy/internal/mp4/parse.go:53.2,53.37 1 1
procreepy/internal/mp4/parse.go:54.3,55.1 1 0
procreepy/internal/mp4/parse.go:56.2,56.15 1 1
procreepy/internal/mp4/parse.go:60.2,61.16 2 1
procreepy/internal/mp4/parse.go:62.3,63.1 1 0
procreepy/internal/mp4/parse.go:64.2,65.25 2 1
procreepy/internal/mp4/parse.go:66.3,66.17 1 1
procreepy/internal/mp4/parse.go:68.4,68.45 1 1
procreepy/internal/mp4/parse.go:69.5,70.1 1 0
procreepy/internal/mp4/parse.go:72.4,73.18 2 1
procreepy/internal/mp4/parse.go:74.5,75.1 1 0
procreepy/internal/mp4/parse.go:76.4,77.12 2 1
procreepy/internal/mp4/parse.go:78.23,78.23 0 0
procreepy/internal/mp4/parse.go:80.11,80.11 0 0
procreepy/internal/mp4/parse.go:84.2,84.17 1 1
procreepy/internal/mp4/parse.go:85.3,86.1 1 0
procreepy/internal/mp4/parse.go:87.2,87.12 1 1
procreepy/internal/mp4/parse.go:91.2,92.16 2 1
procreepy/internal/mp4/parse.go:93.3,94.1 1 0
procreepy/internal/mp4/parse.go:95.2,96.13 2 1
procreepy/internal/mp4/parse.go:99.3,99.21 1 1
procreepy/internal/mp4/parse.go:100.4,101.1 1 0
procreepy/internal/mp4/parse.go:102.3,103.47 2 1
procreepy/internal/mp4/parse.go:106.3,106.21 1 0
procreepy/internal/mp4/parse.go:107.4,108.1 1 0
procreepy/internal/mp4/parse.go:109.3,110.39 2 0
procreepy/internal/mp4/parse.go:112.3,112.64 1 0
procreepy/internal/mp4/parse.go:114.2,114.27 1 1
procreepy/internal/mp4/parse.go:115.3,116.1 1 0
procreepy/internal/mp4/parse.go:117.2,117.12 1 1
procreepy/internal/mp4/parse.go:121.2,122.16 2 1
procreepy/internal/mp4/parse.go:123.3,124.1 1 0
procreepy/internal/mp4/parse.go:125.2,128.23 4 1
procreepy/internal/mp4/parse.go:129.3,129.17 1 1
procreepy/internal/mp4/parse.go:131.4,131.46 1 1
procreepy/internal/mp4/parse.go:132.5,133.1 1 0
procreepy/internal/mp4/parse.go:135.4,135.19 1 1
procreepy/internal/mp4/parse.go:137.4,137.19 1 0
procreepy/internal/mp4/parse.go:138.15,138.15 0 0
procreepy/internal/mp4/parse.go:139.11,139.11 0 0
procreepy/internal/mp4/parse.go:142.2,142.20 1 1
procreepy/internal/mp4/parse.go:143.3,144.1 1 0
procreepy/internal/mp4/parse.go:145.2,145.46 1 1
procreepy/internal/mp4/parse.go:146.3,147.1 1 0
procreepy/internal/mp4/parse.go:148.2,149.15 2 1
procreepy/internal/mp4/parse.go:153.2,154.16 2 1
procreepy/internal/mp4/parse.go:155.3,156.1 1 0
procreepy/internal/mp4/parse.go:157.2,158.1 2 1
procreepy/internal/mp4/parse.go:160.2,160.13 2 1
procreepy/internal/mp4/parse.go:162.3,162.21 1 1
procreepy/internal/mp4/parse.go:163.4,164.1 1 0
procreepy/internal/mp4/parse.go:165.3,170.32 6 1
procreepy/internal/mp4/parse.go:174.3,174.21 1 0
procreepy/internal/mp4/parse.go:175.4,176.1 1 0
procreepy/internal/mp4/parse.go:177.3,182.32 6 0
procreepy/internal/mp4/parse.go:184.3,184.64 1 0
procreepy/internal/mp4/parse.go:186.2,186.15 1 1
procreepy/internal/mp4/parse.go:187.3,188.1 1 0
procreepy/internal/mp4/parse.go:189.2,190.12 2 1
procreepy/internal/mp4/parse.go:194.2,194.25 1 1
procreepy/internal/mp4/parse.go:195.3,196.1 1 1
procreepy/internal/mp4/parse.go:200.2,201.16 2 1
procreepy/internal/mp4/parse.go:202.3,203.1 1 0
procreepy/internal/mp4/parse.go:204.2,205.23 2 1
procreepy/internal/mp4/parse.go:206.3,206.17 1 1
procreepy/internal/mp4/parse.go:208.4,208.19 1 1
procreepy/internal/mp4/parse.go:210.4,210.19 1 1
procreepy/internal/mp4/parse.go:212.4,212.19 1 1
procreepy/internal/mp4/parse.go:215.2,215.56 1 1
procreepy/internal/mp4/parse.go:216.3,217.1 1 0
procreepy/internal/mp4/parse.go:218.2,218.46 1 1
procreepy/internal/mp4/parse.go:219.3,220.1 1 0
procreepy/internal/mp4/parse.go:221.2,223.16 3 1
procreepy/internal/mp4/parse.go:224.3,225.1 1 0
procreepy/internal/mp4/parse.go:226.2,226.26 1 1
procreepy/internal/mp4/parse.go:227.3,228.1 1 0
procreepy/internal/mp4/parse.go:229.2,230.19 2 1
procreepy/internal/mp4/parse.go:231.22,231.22 0 1
procreepy/internal/mp4/parse.go:233.3,233.65 1 0
procreepy/internal/mp4/parse.go:235.2,235.30 1 1
procreepy/internal/mp4/parse.go:239.2,240.16 2 1
procreepy/internal/mp4/parse.go:241.3,242.1 1 0
procreepy/internal/mp4/parse.go:243.2,245.13 3 1
procreepy/internal/mp4/parse.go:247.3,247.21 1 1
procreepy/internal/mp4/parse.go:248.4,249.1 1 0
procreepy/internal/mp4/parse.go:250.3,251.47 2 1
procreepy/internal/mp4/parse.go:254.3,255.21 2 0
procreepy/internal/mp4/parse.go:256.4,257.1 1 0
procreepy/internal/mp4/parse.go:258.3,259.39 2 0
procreepy/internal/mp4/parse.go:261.3,261.64 1 0
procreepy/internal/mp4/parse.go:263.2,263.22 1 1
procreepy/internal/mp4/parse.go:264.3,265.1 1 0
procreepy/internal/mp4/parse.go:266.2,266.27 1 1
procreepy/internal/mp4/parse.go:267.3,268.1 1 1
procreepy/internal/mp4/parse.go:269.2,269.12 1 1
procreepy/internal/mp4/parse.go:273.2,274.16 2 1
procreepy/internal/mp4/parse.go:275.3,276.1 1 0
procreepy/internal/mp4/parse.go:277.2,278.23 2 1
procreepy/internal/mp4/parse.go:279.3,279.17 1 1
procreepy/internal/mp4/parse.go:281.4,281.24 1 1
procreepy/internal/mp4/parse.go:282.5,283.1 1 1
procreepy/internal/mp4/parse.go:284.11,284.11 0 0
procreepy/internal/mp4/parse.go:287.2,287.20 1 1
procreepy/internal/mp4/parse.go:288.3,289.1 1 0
procreepy/internal/mp4/parse.go:290.2,290.30 1 1
procreepy/internal/mp4/parse.go:294.2,295.16 2 1
procreepy/internal/mp4/parse.go:296.3,297.1 1 0
procreepy/internal/mp4/parse.go:298.2,299.20 2 1
procreepy/internal/mp4/parse.go:300.3,300.21 1 1
procreepy/internal/mp4/parse.go:302.4,302.17 1 1
procreepy/internal/mp4/parse.go:304.4,304.17 1 1
procreepy/internal/mp4/parse.go:306.4,306.17 1 1
procreepy/internal/mp4/parse.go:308.4,308.17 1 1
procreepy/internal/mp4/parse.go:310.4,310.17 1 1
procreepy/internal/mp4/parse.go:312.4,312.17 1 0
procreepy/internal/mp4/parse.go:314.4,314.17 1 0
procreepy/internal/mp4/parse.go:316.4,316.17 1 0
procreepy/internal/mp4/parse.go:319.2,319.77 1 1
procreepy/internal/mp4/parse.go:320.3,321.1 1 0
procreepy/internal/mp4/parse.go:322.2,323.43 2 1
procreepy/internal/mp4/parse.go:324.3,325.1 1 0
procreepy/internal/mp4/parse.go:326.2,327.16 2 1
procreepy/internal/mp4/parse.go:328.3,329.1 1 0
procreepy/internal/mp4/parse.go:330.2,331.16 2 1
procreepy/internal/mp4/parse.go:332.3,333.1 1 0
procreepy/internal/mp4/parse.go:334.2,335.16 2 1
procreepy/internal/mp4/parse.go:336.3,337.1 1 0
procreepy/internal/mp4/parse.go:338.2,339.16 2 1
procreepy/internal/mp4/parse.go:340.3,341.1 1 0
procreepy/internal/mp4/parse.go:342.2,342.17 1 1
procreepy/internal/mp4/parse.go:343.3,344.17 2 0
procreepy/internal/mp4/parse.go:345.4,346.1 1 0
procreepy/internal/mp4/parse.go:347.3,347.24 1 0
procreepy/internal/mp4/parse.go:349.2,349.17 1 1
procreepy/internal/mp4/parse.go:350.3,351.17 2 0
procreepy/internal/mp4/parse.go:352.4,353.1 1 0
procreepy/internal/mp4/parse.go:354.3,354.19 1 0
procreepy/internal/mp4/parse.go:356.2,356.22 1 1
procreepy/internal/mp4/parse.go:357.3,358.1 1 0
procreepy/internal/mp4/parse.go:359.2,359.12 1 1
procreepy/internal/mp4/parse.go:365.2,370.1 5 1
procreepy/internal/mp4/parse.go:373.2,374.16 2 1
procreepy/internal/mp4/parse.go:375.3,376.1 1 0
procreepy/internal/mp4/parse.go:377.2,377.14 1 1
procreepy/internal/mp4/parse.go:378.3,379.1 1 0
procreepy/internal/mp4/parse.go:380.2,381.39 2 1
procreepy/internal/mp4/parse.go:382.3,383.1 1 0
procreepy/internal/mp4/parse.go:384.2,385.33 2 1
procreepy/internal/mp4/parse.go:386.3,387.1 1 0
procreepy/internal/mp4/parse.go:388.2,389.25 2 1
procreepy/internal/mp4/parse.go:390.3,392.1 2 1
procreepy/internal/mp4/parse.go:393.2,393.17 1 1
procreepy/internal/mp4/parse.go:397.2,398.16 2 1
procreepy/internal/mp4/parse.go:399.3,400.1 1 0
procreepy/internal/mp4/parse.go:401.2,401.14 1 1
procreepy/internal/mp4/parse.go:402.3,403.1 1 0
procreepy/internal/mp4/parse.go:404.2,405.40 2 1
procreepy/internal/mp4/parse.go:406.3,407.1 1 0
procreepy/internal/mp4/parse.go:408.2,409.34 2 1
procreepy/internal/mp4/parse.go:410.3,411.1 1 0
procreepy/internal/mp4/parse.go:412.2,413.25 2 1
procreepy/internal/mp4/parse.go:414.3,416.1 2 1
procreepy/internal/mp4/parse.go:417.2,417.17 1 1
procreepy/internal/mp4/parse.go:421.2,422.16 2 1
procreepy/internal/mp4/parse.go:423.3,424.1 1 0
procreepy/internal/mp4/parse.go:425.2,425.14 1 1
procreepy/internal/mp4/parse.go:426.3,427.1 1 0
procreepy/internal/mp4/parse.go:428.2,429.19 2 1
procreepy/internal/mp4/parse.go:430.3,431.1 1 0
procreepy/internal/mp4/parse.go:432.2,434.18 3 1
procreepy/internal/mp4/parse.go:435.3,436.24 2 1
procreepy/internal/mp4/parse.go:437.4,438.1 1 1
procreepy/internal/mp4/parse.go:439.3,439.27 1 1
procreepy/internal/mp4/parse.go:441.2,441.32 1 1
procreepy/internal/mp4/parse.go:442.3,443.1 1 0
procreepy/internal/mp4/parse.go:444.2,445.37 2 1
procreepy/internal/mp4/parse.go:446.3,447.1 1 1
procreepy/internal/mp4/parse.go:448.2,448.26 1 1
procreepy/internal/mp4/parse.go:452.2,453.16 2 1
procreepy/internal/mp4/parse.go:454.3,455.1 1 0
procreepy/internal/mp4/parse.go:456.2,456.14 1 1
procreepy/internal/mp4/parse.go:457.3,458.1 1 0
procreepy/internal/mp4/parse.go:459.2,460.19 2 1
procreepy/internal/mp4/parse.go:461.3,462.1 1 0
procreepy/internal/mp4/parse.go:463.2,466.22 4 1
procreepy/internal/mp4/parse.go:467.3,468.1 1 0
procreepy/internal/mp4/parse.go:469.2,469.30 1 1
procreepy/internal/mp4/parse.go:470.3,471.1 1 0
procreepy/internal/mp4/parse.go:472.2,473.25 2 1
procreepy/internal/mp4/parse.go:474.3,475.17 2 1
procreepy/internal/mp4/parse.go:476.4,477.1 1 0
procreepy/internal/mp4/parse.go:478.4,479.1 1 1
procreepy/internal/mp4/parse.go:481.2,481.17 1 1
procreepy/internal/mp4/parse.go:485.2,486.16 2 0
procreepy/internal/mp4/parse.go:487.3,488.1 1 0
procreepy/internal/mp4/parse.go:489.2,489.14 1 0
procreepy/internal/mp4/parse.go:490.3,491.1 1 0
procreepy/internal/mp4/parse.go:492.2,493.19 2 0
procreepy/internal/mp4/parse.go:494.3,495.1 1 0
procreepy/internal/mp4/parse.go:496.2,497.23 2 0
procreepy/internal/mp4/parse.go:498.3,499.1 1 0
procreepy/internal/mp4/parse.go:500.2,501.25 2 0
procreepy/internal/mp4/parse.go:502.3,503.1 1 0
procreepy/internal/mp4/parse.go:504.2,504.17 1 0
procreepy/internal/mp4/parse.go:508.2,509.16 2 0
procreepy/internal/mp4/parse.go:510.3,511.1 1 0
procreepy/internal/mp4/parse.go:512.2,512.26 1 0
procreepy/internal/mp4/parse.go:513.3,514.1 1 0
procreepy/internal/mp4/parse.go:515.2,517.39 3 0
procreepy/internal/mp4/parse.go:518.3,519.1 1 0
procreepy/internal/mp4/parse.go:520.2,521.23 2 0
procreepy/internal/mp4/parse.go:522.3,523.1 1 0
procreepy/internal/mp4/parse.go:524.2,525.25 2 0
procreepy/internal/mp4/parse.go:526.3,529.1 3 0
procreepy/internal/mp4/parse.go:530.2,530.25 1 0
procreepy/internal/mp4/parse.go:547.2,547.20 1 1
procreepy/internal/mp4/parse.go:548.3,549.1 1 0
procreepy/internal/mp4/parse.go:550.2,551.16 2 1
procreepy/internal/mp4/parse.go:552.3,553.1 1 0
procreepy/internal/mp4/parse.go:554.2,554.23 1 1
procreepy/internal/mp4/parse.go:555.3,556.1 1 0
procreepy/internal/mp4/parse.go:557.2,559.16 3 1
procreepy/internal/mp4/parse.go:560.3,561.1 1 0
procreepy/internal/mp4/parse.go:562.2,571.60 10 1
procreepy/internal/mp4/parse.go:572.3,573.1 1 0
procreepy/internal/mp4/parse.go:574.2,574.12 1 1
procreepy/internal/mp4/parse.go:580.2,582.1 4 1
procreepy/internal/mp4/parse.go:584.2,585.19 4 1
procreepy/internal/mp4/parse.go:587.3,587.20 1 1
procreepy/internal/mp4/parse.go:588.4,589.1 1 0
procreepy/internal/mp4/parse.go:590.3,592.17 3 1
procreepy/internal/mp4/parse.go:594.3,594.20 1 1
procreepy/internal/mp4/parse.go:595.4,596.1 1 0
procreepy/internal/mp4/parse.go:597.3,599.17 3 1
procreepy/internal/mp4/parse.go:601.2,601.26 1 1
procreepy/internal/mp4/parse.go:602.3,603.1 1 0
procreepy/internal/mp4/parse.go:604.2,606.16 3 1
procreepy/internal/mp4/parse.go:608.3,609.1 1 0
procreepy/internal/mp4/parse.go:610.2,610.24 1 1
procreepy/internal/mp4/parse.go:611.3,611.18 1 1
procreepy/internal/mp4/parse.go:613.4,614.50 2 1
procreepy/internal/mp4/parse.go:616.4,616.26 1 1
procreepy/internal/mp4/parse.go:617.5,619.1 2 1
procreepy/internal/mp4/parse.go:620.4,620.53 1 1
procreepy/internal/mp4/parse.go:621.5,621.18 1 0
procreepy/internal/mp4/parse.go:622.6,623.1 1 0
procreepy/internal/mp4/parse.go:624.5,624.18 1 0
procreepy/internal/mp4/parse.go:625.6,626.1 1 0
procreepy/internal/mp4/parse.go:627.5,627.12 1 0
procreepy/internal/mp4/parse.go:631.2,631.16 1 1
procreepy/internal/mp4/parse.go:636.2,636.16 1 1
procreepy/internal/mp4/parse.go:638.3,638.16 1 1
procreepy/internal/mp4/parse.go:640.3,640.16 1 0
procreepy/internal/mp4/parse.go:642.3,642.15 1 0
procreepy/internal/mp4/parse.go:644.3,644.15 1 0
procreepy/internal/mp4/parse.go:646.3,646.45 1 1
procreepy/internal/mp4/parse.go:647.4,647.15 1 0
procreepy/internal/mp4/parse.go:649.5,649.17 1 0
procreepy/internal/mp4/parse.go:652.3,652.15 1 1
procreepy/internal/mp4/parse.go:654.3,654.15 1 0
procreepy/internal/mp4/parse.go:656.3,656.15 1 0
procreepy/internal/mp4/parse.go:658.3,658.16 1 0
procreepy/internal/mp4/parse.go:660.3,660.16 1 0
procreepy/internal/mp4/parse.go:662.3,662.16 1 0
procreepy/internal/mp4/parse.go:664.2,664.15 1 0
procreepy/internal/mp4/parse.go:668.2,668.25 1 1
procreepy/internal/mp4/parse.go:669.3,670.1 1 1
procreepy/internal/mp4/parse.go:671.2,671.27 1 1
procreepy/internal/mp4/parse.go:672.3,672.54 1 1
procreepy/internal/mp4/parse.go:673.4,674.64 2 1
procreepy/internal/mp4/parse.go:675.5,675.19 1 1
procreepy/internal/mp4/parse.go:677.6,677.19 1 0
procreepy/internal/mp4/parse.go:679.6,679.22 1 1
procreepy/internal/mp4/parse.go:681.6,681.22 1 0
procreepy/internal/mp4/parse.go:683.6,683.22 1 0
procreepy/internal/mp4/parse.go:686.4,686.20 1 0
procreepy/internal/mp4/parse.go:689.2,689.18 1 0
procreepy/internal/mp4/read.go:48.2,49.1 1 1
procreepy/internal/mp4/read.go:52.34,52.50 1 0
procreepy/internal/mp4/read.go:56.2,56.44 1 1
procreepy/internal/mp4/read.go:57.3,58.1 1 0
procreepy/internal/mp4/read.go:59.2,60.51 2 1
procreepy/internal/mp4/read.go:61.3,62.1 1 0
procreepy/internal/mp4/read.go:63.2,63.15 1 1
procreepy/internal/mp4/read.go:67.2,67.22 1 1
procreepy/internal/mp4/read.go:68.3,68.27 1 1
procreepy/internal/mp4/read.go:69.4,70.1 1 0
procreepy/internal/mp4/read.go:72.2,72.12 1 1
procreepy/internal/mp4/read.go:78.2,78.43 1 1
procreepy/internal/mp4/read.go:79.3,80.1 1 0
procreepy/internal/mp4/read.go:81.2,83.14 3 1
procreepy/internal/mp4/read.go:84.3,84.16 1 1
procreepy/internal/mp4/read.go:85.4,86.1 1 0
procreepy/internal/mp4/read.go:87.3,88.49 2 1
procreepy/internal/mp4/read.go:89.4,90.1 1 0
procreepy/internal/mp4/read.go:91.3,93.47 3 1
procreepy/internal/mp4/read.go:94.4,95.1 1 0
procreepy/internal/mp4/read.go:96.3,97.15 2 1
procreepy/internal/mp4/read.go:99.4,99.22 1 0
procreepy/internal/mp4/read.go:101.4,102.54 2 0
procreepy/internal/mp4/read.go:103.5,104.1 1 0
procreepy/internal/mp4/read.go:105.4,107.38 3 0
procreepy/internal/mp4/read.go:108.5,109.1 1 0
procreepy/internal/mp4/read.go:111.4,111.16 1 1
procreepy/internal/mp4/read.go:112.5,113.1 1 0
procreepy/internal/mp4/read.go:115.3,115.20 1 1
procreepy/internal/mp4/read.go:116.4,117.1 1 0
procreepy/internal/mp4/read.go:118.3,118.19 1 1
procreepy/internal/mp4/read.go:119.4,120.1 1 0
procreepy/internal/mp4/read.go:121.3,123.14 3 1
procreepy/internal/mp4/read.go:124.4,125.56 2 1
procreepy/internal/mp4/read.go:126.5,127.1 1 0
procreepy/internal/mp4/read.go:129.3,130.12 2 1
procreepy/internal/mp4/read.go:132.2,132.19 1 1
procreepy/internal/mp4/read.go:135.31,135.70 1 1
procreepy/internal/mp4/read.go:138.2,139.1 1 1
procreepy/internal/mp4/read.go:142.2,143.22 2 0
procreepy/internal/mp4/read.go:144.3,145.1 1 0
procreepy/internal/mp4/read.go:146.2,146.10 1 0
procreepy/internal/mp4/read.go:151.2,151.18 1 1
procreepy/internal/mp4/read.go:152.3,153.1 1 0
procreepy/internal/mp4/read.go:154.2,154.77 1 1
procreepy/internal/mp4/read.go:159.2,160.1 2 1
procreepy/internal/mp4/read.go:161.2,162.1 2 1
procreepy/internal/mp4/read.go:168.2,168.40 1 1
procreepy/internal/mp4/read.go:169.3,170.1 1 0
procreepy/internal/mp4/read.go:171.2,172.16 2 1
procreepy/internal/mp4/read.go:173.3,174.1 1 0
procreepy/internal/mp4/read.go:175.2,175.15 1 1
procreepy/internal/mp4/state.go:87.2,87.24 1 1
procreepy/internal/mp4/state.go:88.3,89.1 1 0
procreepy/internal/mp4/state.go:90.2,90.22 1 1
procreepy/internal/mp4/state.go:91.3,92.1 1 0
procreepy/internal/mp4/state.go:93.2,94.31 2 1
procreepy/internal/mp4/state.go:95.3,95.24 1 1
procreepy/internal/mp4/state.go:96.4,97.1 1 0
procreepy/internal/mp4/state.go:98.3,98.18 1 1
procreepy/internal/mp4/state.go:100.2,100.29 1 1
procreepy/internal/mp4/state.go:101.3,101.56 1 1
procreepy/internal/mp4/state.go:102.4,103.1 1 0
procreepy/internal/mp4/state.go:105.2,105.12 1 1
procreepy/internal/mp4/state.go:109.2,109.47 1 1
procreepy/internal/mp4/state.go:110.3,111.1 1 0
procreepy/internal/mp4/state.go:112.2,112.46 1 1
procreepy/internal/mp4/state.go:113.3,114.1 1 0
procreepy/internal/mp4/state.go:115.2,115.98 1 1
procreepy/internal/mp4/state.go:116.3,117.1 1 0
procreepy/internal/mp4/state.go:118.2,118.55 1 1
procreepy/internal/mp4/state.go:119.3,120.1 1 0
procreepy/internal/mp4/state.go:121.2,121.24 1 1
procreepy/internal/mp4/state.go:122.3,123.28 2 1
procreepy/internal/mp4/state.go:124.4,125.1 1 1
procreepy/internal/mp4/state.go:126.3,126.29 1 1
procreepy/internal/mp4/state.go:127.4,128.1 1 0
procreepy/internal/mp4/state.go:130.2,130.28 1 1
procreepy/internal/mp4/state.go:131.3,132.35 2 0
procreepy/internal/mp4/state.go:133.4,133.48 1 0
procreepy/internal/mp4/state.go:134.5,135.1 1 0
procreepy/internal/mp4/state.go:136.4,136.12 1 0
procreepy/internal/mp4/state.go:140.2,141.31 2 1
procreepy/internal/mp4/state.go:142.3,142.23 1 1
procreepy/internal/mp4/state.go:143.4,144.1 1 0
procreepy/internal/mp4/state.go:145.3,146.53 2 1
procreepy/internal/mp4/state.go:147.4,148.1 1 0
procreepy/internal/mp4/state.go:152.2,153.34 2 1
procreepy/internal/mp4/state.go:154.3,155.1 1 1
procreepy/internal/mp4/state.go:156.2,156.39 1 1
procreepy/internal/mp4/state.go:157.3,158.1 1 0
procreepy/internal/mp4/state.go:159.2,159.12 1 1
procreepy/internal/mp4/state.go:166.2,167.1 1 0
procreepy/internal/mp4/state.go:170.2,170.24 1 1
procreepy/internal/mp4/state.go:171.3,172.1 1 0
procreepy/internal/mp4/state.go:173.2,173.22 1 1
procreepy/internal/mp4/state.go:174.3,175.1 1 0
procreepy/internal/mp4/state.go:176.2,176.31 1 1
procreepy/internal/mp4/state.go:177.3,178.1 1 0
procreepy/internal/mp4/state.go:181.2,182.27 2 1
procreepy/internal/mp4/state.go:183.3,184.24 2 1
procreepy/internal/mp4/state.go:185.4,186.1 1 0
procreepy/internal/mp4/state.go:187.3,187.26 1 1
procreepy/internal/mp4/state.go:188.4,189.1 1 0
procreepy/internal/mp4/state.go:190.3,190.29 1 1
procreepy/internal/mp4/state.go:191.4,192.1 1 0
procreepy/internal/mp4/state.go:193.3,193.54 1 1
procreepy/internal/mp4/state.go:195.2,195.30 1 1
procreepy/internal/mp4/state.go:196.3,197.1 1 0
procreepy/internal/mp4/state.go:198.2,198.12 1 1
procreepy/internal/mp4/state.go:203.2,204.27 2 0
procreepy/internal/mp4/state.go:205.3,206.1 1 0
procreepy/internal/mp4/state.go:207.2,207.10 1 0
procreepy/internal/mp4/state.go:212.2,214.27 3 0
procreepy/internal/mp4/state.go:216.3,217.24 2 0
procreepy/internal/mp4/state.go:218.4,219.1 1 0
procreepy/internal/mp4/state.go:220.3,220.30 1 0
procreepy/internal/mp4/state.go:221.4,222.1 1 0
procreepy/internal/mp4/state.go:224.2,224.17 1 0
procreepy/internal/mp4/state.go:229.2,230.16 2 0
procreepy/internal/mp4/state.go:231.3,232.1 1 0
procreepy/internal/mp4/state.go:233.2,235.26 3 0
procreepy/internal/mp4/state.go:236.3,236.36 1 0
procreepy/internal/mp4/state.go:237.4,239.1 2 0
procreepy/internal/mp4/state.go:241.2,241.17 1 0
procreepy/internal/mp4/write.go:7.2,10.1 3 1
procreepy/internal/mp4/write.go:13.2,16.1 3 1
procreepy/internal/mp4/write.go:19.2,22.1 3 0
procreepy/internal/mp4/write.go:26.2,31.1 5 1
procreepy/internal/mp4/write.go:36.2,41.1 5 1
procreepy/internal/mp4/write.go:46.2,47.29 2 1
procreepy/internal/mp4/write.go:48.3,49.1 1 1
procreepy/internal/mp4/write.go:50.2,54.29 5 1
procreepy/internal/mp4/write.go:55.3,57.1 2 1
procreepy/internal/mp4/write.go:58.2,58.12 1 1
procreepy/internal/mp4/write.go:62.2,67.1 5 1
procreepy/internal/mp4/write.go:71.2,72.22 2 1
procreepy/internal/mp4/write.go:73.3,74.1 1 1
procreepy/internal/mp4/write.go:75.2,75.12 1 1
procreepy/internal/mp4/write.go:87.2,90.1 3 0
procreepy/internal/mp4/write.go:94.2,94.23 1 1
procreepy/internal/mp4/write.go:95.3,106.1 11 0
procreepy/internal/mp4/write.go:107.2,117.39 11 1
procreepy/internal/mp4/write.go:123.2,127.12 5 1
procreepy/internal/mp4/write.go:128.3,129.1 1 0
procreepy/internal/mp4/write.go:130.2,131.9 2 1
procreepy/internal/mp4/write.go:133.3,138.48 6 0
procreepy/internal/mp4/write.go:140.3,145.48 6 1
procreepy/internal/mp4/write.go:147.2,154.49 8 1
procreepy/internal/mp4/write.go:159.2,159.23 1 1
procreepy/internal/mp4/write.go:160.3,167.1 7 0
procreepy/internal/mp4/write.go:168.2,174.39 7 1
procreepy/internal/mp4/write.go:179.2,185.1 6 1
procreepy/internal/mp4/write.go:188.2,188.16 1 1
procreepy/internal/mp4/write.go:189.3,190.1 1 0
procreepy/internal/mp4/write.go:191.2,192.19 2 1
procreepy/internal/mp4/write.go:193.3,194.1 1 0
procreepy/internal/mp4/write.go:195.2,195.20 1 1
procreepy/internal/mp4/write.go:200.2,203.1 3 1
procreepy/internal/mp4/write.go:207.2,210.1 3 1
procreepy/internal/mp4/write.go:214.2,219.1 5 1
procreepy/internal/mp4/write.go:223.2,224.28 2 1
procreepy/internal/mp4/write.go:225.3,227.1 2 1
procreepy/internal/mp4/write.go:228.2,228.39 1 1
procreepy/internal/mp4/write.go:233.2,234.28 2 1
procreepy/internal/mp4/write.go:235.3,238.1 3 1
procreepy/internal/mp4/write.go:239.2,239.39 1 1
procreepy/internal/mp4/write.go:245.2,245.20 1 1
procreepy/internal/mp4/write.go:246.3,248.31 3 1
procreepy/internal/mp4/write.go:249.4,249.20 1 1
procreepy/internal/mp4/write.go:250.5,251.10 2 1
procreepy/internal/mp4/write.go:254.3,254.14 1 1
procreepy/internal/mp4/write.go:255.4,258.1 3 1
procreepy/internal/mp4/write.go:260.2,262.26 3 1
procreepy/internal/mp4/write.go:263.3,264.1 1 1
procreepy/internal/mp4/write.go:265.2,265.39 1 1
procreepy/internal/mp4/write.go:271.2,272.11 2 1
procreepy/internal/mp4/write.go:273.3,273.29 1 0
procreepy/internal/mp4/write.go:274.4,275.1 1 0
procreepy/internal/mp4/write.go:276.3,276.40 1 0
procreepy/internal/mp4/write.go:278.2,278.28 1 1
procreepy/internal/mp4/write.go:279.3,280.1 1 1
procreepy/internal/mp4/write.go:281.2,281.39 1 1
procreepy/internal/mp4/write.go:286.2,287.28 2 0
procreepy/internal/mp4/write.go:288.3,289.1 1 0
procreepy/internal/mp4/write.go:290.2,290.39 1 0
procreepy/internal/mp4/write.go:295.2,296.12 2 0
procreepy/internal/mp4/write.go:297.3,298.1 1 0
procreepy/internal/mp4/write.go:299.2,300.28 2 0
procreepy/internal/mp4/write.go:301.3,303.1 2 0
procreepy/internal/mp4/write.go:304.2,304.45 1 0
procreepy/internal/procreate/archive.go:28.2,29.16 2 1
procreepy/internal/procreate/archive.go:30.3,31.1 1 0
procreepy/internal/procreate/archive.go:32.2,32.20 1 1
procreepy/internal/procreate/archive.go:33.3,34.1 1 1
procreepy/internal/procreate/archive.go:35.2,36.16 2 1
procreepy/internal/procreate/archive.go:37.3,38.1 1 0
procreepy/internal/procreate/archive.go:39.2,40.16 2 1
procreepy/internal/procreate/archive.go:41.3,44.1 2 1
procreepy/internal/procreate/archive.go:45.2,45.53 1 1
procreepy/internal/procreate/archive.go:49.36,49.52 1 0
procreepy/internal/procreate/archive.go:52.35,52.58 1 1
procreepy/internal/procreate/archive.go:56.2,57.30 2 1
procreepy/internal/procreate/archive.go:58.3,59.1 1 1
procreepy/internal/procreate/archive.go:60.2,60.12 1 1
procreepy/internal/procreate/archive.go:65.2,66.1 1 1
procreepy/internal/procreate/archive.go:70.2,71.16 2 0
procreepy/internal/procreate/archive.go:72.3,73.1 1 0
procreepy/internal/procreate/archive.go:74.2,75.16 2 0
procreepy/internal/procreate/archive.go:76.3,77.1 1 0
procreepy/internal/procreate/archive.go:78.2,80.16 3 0
procreepy/internal/procreate/archive.go:81.3,82.1 1 0
procreepy/internal/procreate/archive.go:83.2,83.17 1 0
procreepy/internal/procreate/archive.go:89.2,90.16 2 1
procreepy/internal/procreate/archive.go:91.3,92.1 1 0
procreepy/internal/procreate/archive.go:93.2,94.16 2 1
procreepy/internal/procreate/archive.go:95.3,96.1 1 0
procreepy/internal/procreate/archive.go:97.2,99.16 3 1
procreepy/internal/procreate/archive.go:100.3,101.1 1 1
procreepy/internal/procreate/archive.go:102.2,103.16 2 1
procreepy/internal/procreate/archive.go:104.3,105.1 1 0
procreepy/internal/procreate/archive.go:106.2,106.41 1 1
procreepy/internal/procreate/archive.go:107.3,108.1 1 0
procreepy/internal/procreate/archive.go:109.2,109.19 1 1
procreepy/internal/procreate/archive.go:118.2,119.1 1 0
procreepy/internal/procreate/archive.go:124.2,125.1 1 1
procreepy/internal/procreate/archive.go:128.2,129.16 2 1
procreepy/internal/procreate/archive.go:130.3,131.1 1 0
procreepy/internal/procreate/archive.go:132.2,133.16 2 1
procreepy/internal/procreate/archive.go:134.3,135.1 1 0
procreepy/internal/procreate/archive.go:136.2,137.35 2 1
procreepy/internal/procreate/archive.go:138.3,139.1 1 0
procreepy/internal/procreate/archive.go:140.2,140.18 1 1
procreepy/internal/procreate/archive.go:141.3,141.52 1 1
procreepy/internal/procreate/archive.go:142.4,143.1 1 0
procreepy/internal/procreate/archive.go:145.2,146.17 2 1
procreepy/internal/procreate/archive.go:147.3,148.1 1 0
procreepy/internal/procreate/archive.go:149.2,149.33 1 1
procreepy/internal/procreate/archive.go:150.3,151.1 1 0
procreepy/internal/procreate/archive.go:152.2,152.17 1 1
procreepy/internal/procreate/archive.go:153.3,154.1 1 0
procreepy/internal/procreate/archive.go:155.2,155.51 1 1
procreepy/internal/procreate/archive.go:156.3,157.1 1 0
procreepy/internal/procreate/archive.go:158.2,158.15 1 1
procreepy/internal/procreate/archive.go:162.2,162.9 1 1
procreepy/internal/procreate/archive.go:164.3,164.19 1 0
procreepy/internal/procreate/archive.go:166.3,166.13 1 1
procreepy/internal/procreate/archive.go:171.2,172.12 2 1
procreepy/internal/procreate/archive.go:173.3,173.39 1 1
procreepy/internal/procreate/archive.go:174.4,175.1 1 0
procreepy/internal/procreate/archive.go:176.3,177.12 2 1
procreepy/internal/procreate/archive.go:178.4,179.1 1 1
procreepy/internal/procreate/archive.go:180.3,181.12 2 1
procreepy/internal/procreate/archive.go:182.4,183.1 1 1
procreepy/internal/procreate/archive.go:184.3,184.20 1 1
procreepy/internal/procreate/archive.go:185.4,185.13 1 0
procreepy/internal/procreate/archive.go:186.5,187.1 1 0
procreepy/internal/procreate/archive.go:188.4,188.14 1 0
procreepy/internal/procreate/archive.go:190.3,190.17 1 1
procreepy/internal/procreate/archive.go:191.4,192.1 1 0
procreepy/internal/procreate/archive.go:193.3,193.13 1 1
procreepy/internal/procreate/archive.go:194.4,195.1 1 0
procreepy/internal/procreate/archive.go:197.2,197.12 1 1
procreepy/internal/procreate/archive.go:204.2,206.12 3 1
procreepy/internal/procreate/archive.go:207.3,207.39 1 1
procreepy/internal/procreate/archive.go:208.4,209.1 1 0
procreepy/internal/procreate/archive.go:210.3,211.12 2 1
procreepy/internal/procreate/archive.go:212.4,213.1 1 1
procreepy/internal/procreate/archive.go:214.3,215.12 2 1
procreepy/internal/procreate/archive.go:216.4,217.19 2 1
procreepy/internal/procreate/archive.go:218.5,219.1 1 0
procreepy/internal/procreate/archive.go:220.4,221.17 2 1
procreepy/internal/procreate/archive.go:223.3,223.21 1 1
procreepy/internal/procreate/archive.go:224.4,224.13 1 0
procreepy/internal/procreate/archive.go:225.5,226.1 1 0
procreepy/internal/procreate/archive.go:227.4,227.28 1 0
procreepy/internal/procreate/archive.go:229.3,229.18 1 1
procreepy/internal/procreate/archive.go:230.4,231.1 1 0
procreepy/internal/procreate/archive.go:232.3,232.13 1 1
procreepy/internal/procreate/archive.go:233.4,234.1 1 0
procreepy/internal/procreate/archive.go:236.2,236.26 1 1
procreepy/internal/procreate/archive.go:240.2,240.30 1 1
procreepy/internal/procreate/archive.go:241.3,241.21 1 1
procreepy/internal/procreate/archive.go:242.4,243.1 1 1
procreepy/internal/procreate/archive.go:245.2,245.99 1 0
procreepy/internal/procreate/archive.go:250.2,251.25 2 0
procreepy/internal/procreate/archive.go:252.3,253.14 2 0
procreepy/internal/procreate/archive.go:254.4,255.1 1 0
procreepy/internal/procreate/archive.go:257.2,257.20 1 0
procreepy/internal/procreate/errors.go:25.39,25.53 1 1
procreepy/internal/procreate/errors.go:26.39,26.56 1 1
procreepy/internal/procreate/errors.go:31.44,31.58 1 1
procreepy/internal/procreate/errors.go:32.44,32.66 1 1
procreepy/internal/procreate/errors.go:37.44,37.58 1 1
procreepy/internal/procreate/errors.go:38.44,38.66 1 1
procreepy/internal/procreate/scan.go:38.2,41.28 4 1
procreepy/internal/procreate/scan.go:42.3,44.54 3 1
procreepy/internal/procreate/scan.go:45.4,45.12 1 1
procreepy/internal/procreate/scan.go:47.3,47.58 1 1
procreepy/internal/procreate/scan.go:48.4,48.49 1 1
procreepy/internal/procreate/scan.go:49.5,50.13 2 1
procreepy/internal/procreate/scan.go:53.3,53.39 1 1
procreepy/internal/procreate/scan.go:54.4,55.1 1 1
procreepy/internal/procreate/scan.go:57.2,57.43 1 1
procreepy/internal/procreate/scan.go:58.3,61.1 1 1
procreepy/internal/procreate/scan.go:62.2,63.33 2 1
procreepy/internal/procreate/scan.go:64.3,65.1 1 1
procreepy/internal/procreate/scan.go:66.2,66.39 1 1
procreepy/internal/procreate/scan.go:66.41,66.81 1 1
procreepy/internal/procreate/scan.go:67.2,67.56 1 1
procreepy/internal/procreate/scan.go:73.2,74.33 2 1
procreepy/internal/procreate/scan.go:75.3,75.21 1 1
procreepy/internal/procreate/scan.go:76.4,77.1 1 1
procreepy/internal/procreate/scan.go:79.2,80.12 2 1
procreepy/internal/procreate/scan.go:91.2,91.19 1 1
procreepy/internal/procreate/scan.go:92.3,93.1 1 1
procreepy/internal/procreate/scan.go:100.2,101.16 2 1
procreepy/internal/procreate/scan.go:102.3,103.1 1 1
procreepy/internal/procreate/scan.go:104.2,104.33 1 1
procreepy/internal/procreate/scan.go:105.3,106.1 1 1
procreepy/internal/procreate/scan.go:107.2,107.26 1 1
procreepy/internal/procreate/scan.go:108.3,108.22 1 1
procreepy/internal/procreate/scan.go:109.4,110.1 1 1
procreepy/internal/procreate/scan.go:111.3,111.25 1 1
procreepy/internal/procreate/scan.go:112.4,115.1 1 1
procreepy/internal/procreate/scan.go:116.3,117.70 1 1
procreepy/internal/procreate/scan.go:119.2,120.31 2 1
procreepy/internal/procreate/scan.go:121.3,122.1 1 1
procreepy/internal/procreate/scan.go:123.2,124.31 2 1
procreepy/internal/procreate/scan.go:125.3,126.1 1 0
procreepy/internal/procreate/scan.go:127.2,128.28 2 1
procreepy/internal/procreate/scan.go:129.3,129.18 1 1
procreepy/internal/procreate/scan.go:130.4,131.1 1 1
procreepy/internal/procreate/scan.go:133.2,133.22 1 1
procreepy/internal/procreate/scan.go:134.3,135.18 2 1
procreepy/internal/procreate/scan.go:136.4,137.1 1 1
procreepy/internal/procreate/scan.go:138.3,138.24 1 1
procreepy/internal/procreate/scan.go:140.2,140.24 1 1
procreepy/internal/procreate/scan.go:145.2,145.20 1 1
procreepy/internal/procreate/scan.go:146.3,147.1 1 0
procreepy/internal/procreate/scan.go:148.2,150.18 3 1
procreepy/internal/procreate/scan.go:151.3,151.20 1 1
procreepy/internal/procreate/scan.go:152.4,153.1 1 1
procreepy/internal/procreate/scan.go:154.4,155.1 1 1
procreepy/internal/procreate/scan.go:157.2,157.33 1 1
procreepy/internal/procreate/scan.go:158.3,158.24 1 1
procreepy/internal/procreate/scan.go:159.4,160.12 2 1
procreepy/internal/procreate/scan.go:162.3,163.33 2 1
procreepy/internal/procreate/scan.go:165.2,166.34 2 1
procreepy/internal/procreate/split.go:25.2,26.16 2 1
procreepy/internal/procreate/split.go:27.3,28.1 1 0
procreepy/internal/procreate/split.go:29.2,31.16 3 1
procreepy/internal/procreate/split.go:32.3,33.1 1 0
procreepy/internal/procreate/split.go:34.2,35.16 2 1
procreepy/internal/procreate/split.go:36.3,37.1 1 0
procreepy/internal/procreate/split.go:38.2,39.56 2 1
procreepy/internal/procreate/split.go:40.3,41.1 1 0
procreepy/internal/procreate/split.go:42.2,43.70 2 1
procreepy/internal/procreate/split.go:44.3,46.1 2 0
procreepy/internal/procreate/split.go:47.2,47.52 1 1
procreepy/internal/procreate/split.go:48.3,50.1 2 0
procreepy/internal/procreate/split.go:51.2,51.35 1 1
procreepy/internal/procreate/split.go:58.2,59.16 2 1
procreepy/internal/procreate/split.go:60.3,61.1 1 0
procreepy/internal/procreate/split.go:62.2,63.46 2 1
procreepy/internal/procreate/split.go:64.3,67.1 3 0
procreepy/internal/procreate/split.go:68.2,68.28 1 1
procreepy/internal/procreate/split.go:69.3,69.28 1 1
procreepy/internal/procreate/split.go:70.4,72.12 3 1
procreepy/internal/procreate/split.go:74.3,75.17 2 1
procreepy/internal/procreate/split.go:76.4,77.1 1 0
procreepy/internal/procreate/split.go:78.3,79.17 2 1
procreepy/internal/procreate/split.go:80.4,81.1 1 0
procreepy/internal/procreate/split.go:82.3,83.37 2 1
procreepy/internal/procreate/split.go:84.4,85.1 1 1
procreepy/internal/procreate/split.go:86.3,86.17 1 1
procreepy/internal/procreate/split.go:87.4,88.1 1 0
procreepy/internal/procreate/split.go:90.2,90.35 1 1
procreepy/internal/procreate/split.go:91.3,92.1 1 0
procreepy/internal/procreate/split.go:93.2,93.43 1 1
procreepy/internal/procreate/split.go:98.2,99.1 1 1
procreepy/internal/ui/ui.go:21.2,22.1 1 1
procreepy/internal/ui/ui.go:26.2,26.13 1 1
procreepy/internal/ui/ui.go:27.3,28.1 1 1
procreepy/internal/ui/ui.go:29.2,29.33 1 1
procreepy/internal/ui/ui.go:33.50,33.86 1 1
procreepy/internal/ui/ui.go:36.51,36.85 1 1
procreepy/internal/video/convert.go:23.2,23.46 1 1
procreepy/internal/video/convert.go:24.3,25.1 1 1
procreepy/internal/video/convert.go:26.2,26.38 1 1
procreepy/internal/video/convert.go:27.3,29.1 1 1
procreepy/internal/video/convert.go:30.2,31.16 2 1
procreepy/internal/video/convert.go:32.3,33.1 1 1
procreepy/internal/video/convert.go:34.2,35.1 3 1
procreepy/internal/video/convert.go:36.2,37.16 3 1
procreepy/internal/video/convert.go:38.3,39.1 1 1
procreepy/internal/video/convert.go:40.2,41.1 3 1
procreepy/internal/video/convert.go:42.2,43.16 3 1
procreepy/internal/video/convert.go:44.3,45.1 1 1
procreepy/internal/video/convert.go:46.2,46.12 1 1
procreepy/internal/video/convert.go:47.3,48.1 1 1
procreepy/internal/video/convert.go:50.2,51.27 2 1
procreepy/internal/video/convert.go:52.3,52.37 1 1
procreepy/internal/video/convert.go:53.4,54.1 1 0
procreepy/internal/video/convert.go:55.3,56.17 2 1
procreepy/internal/video/convert.go:57.4,58.1 1 1
procreepy/internal/video/convert.go:59.3,59.20 1 1
procreepy/internal/video/convert.go:60.4,61.1 1 0
procreepy/internal/video/convert.go:62.3,62.23 1 1
procreepy/internal/video/convert.go:63.4,65.1 1 1
procreepy/internal/video/convert.go:66.3,66.16 1 1
procreepy/internal/video/convert.go:68.2,68.57 1 1
procreepy/internal/video/convert.go:69.3,70.1 1 1
procreepy/internal/video/convert.go:72.2,73.16 2 1
procreepy/internal/video/convert.go:74.3,74.42 1 0
procreepy/internal/video/convert.go:75.4,76.1 1 0
procreepy/internal/video/convert.go:77.3,77.16 1 0
procreepy/internal/video/convert.go:80.2,80.12 1 1
procreepy/internal/video/convert.go:81.3,82.1 1 1
procreepy/internal/video/convert.go:84.2,85.16 2 1
procreepy/internal/video/convert.go:86.3,87.1 1 1
procreepy/internal/video/convert.go:88.2,88.15 1 1
procreepy/internal/video/convert.go:89.3,91.17 3 1
procreepy/internal/video/convert.go:92.4,93.1 1 0
procreepy/internal/video/convert.go:94.3,95.44 1 1
procreepy/internal/video/convert.go:97.2,97.12 1 1
procreepy/internal/video/convert.go:98.3,99.1 1 1
procreepy/internal/video/convert.go:100.2,100.34 1 1
procreepy/internal/video/convert.go:105.2,106.14 2 1
procreepy/internal/video/convert.go:107.3,108.1 1 0
procreepy/internal/video/convert.go:109.2,110.42 2 1
procreepy/internal/video/convert.go:111.3,113.1 2 0
procreepy/internal/video/convert.go:114.2,115.13 2 1
procreepy/internal/video/convert.go:116.3,117.1 1 1
procreepy/internal/video/convert.go:118.2,118.56 1 0
procreepy/internal/video/convert.go:124.2,124.21 1 1
procreepy/internal/video/convert.go:125.3,126.1 1 1
procreepy/internal/video/convert.go:127.2,129.35 3 1
procreepy/internal/video/convert.go:130.3,130.89 1 1
procreepy/internal/video/convert.go:131.4,132.1 1 1
procreepy/internal/video/convert.go:134.2,134.19 1 1
procreepy/internal/video/convert.go:135.3,136.1 1 1
procreepy/internal/video/convert.go:137.2,138.41 2 1
procreepy/internal/video/convert.go:139.3,140.1 1 1
procreepy/internal/video/convert.go:141.2,141.18 1 1
procreepy/internal/video/convert.go:142.3,143.1 1 0
procreepy/internal/video/convert.go:144.2,145.70 1 1
procreepy/internal/video/convert.go:152.2,152.18 1 1
procreepy/internal/video/convert.go:154.3,155.65 2 1
procreepy/internal/video/convert.go:156.4,157.33 2 0
procreepy/internal/video/convert.go:158.5,159.1 1 0
procreepy/internal/video/convert.go:160.4,160.79 1 0
procreepy/internal/video/convert.go:162.3,162.23 1 1
procreepy/internal/video/convert.go:165.3,166.17 2 1
procreepy/internal/video/convert.go:167.4,168.1 1 0
procreepy/internal/video/convert.go:169.3,170.36 2 1
procreepy/internal/video/convert.go:171.4,172.1 1 1
procreepy/internal/video/convert.go:173.3,173.17 1 1
procreepy/internal/video/convert.go:174.4,175.1 1 1
procreepy/internal/video/convert.go:176.3,176.23 1 1
procreepy/internal/video/convert.go:179.3,181.17 3 1
procreepy/internal/video/convert.go:182.4,183.1 1 0
procreepy/internal/video/convert.go:184.3,185.36 2 1
procreepy/internal/video/convert.go:186.4,187.1 1 1
procreepy/internal/video/convert.go:188.3,188.17 1 1
procreepy/internal/video/convert.go:189.4,191.1 2 0
procreepy/internal/video/convert.go:192.3,192.54 1 1
procreepy/internal/video/convert.go:193.4,195.1 2 0
procreepy/internal/video/convert.go:196.3,196.23 1 1
procreepy/internal/video/convert.go:203.2,203.24 1 1
procreepy/internal/video/convert.go:204.3,205.1 1 0
procreepy/internal/video/convert.go:206.2,206.31 1 1
procreepy/internal/video/convert.go:207.3,208.1 1 0
procreepy/internal/video/convert.go:209.2,209.73 1 1
procreepy/internal/video/convert.go:217.2,218.32 2 1
procreepy/internal/video/convert.go:219.3,222.1 3 1
procreepy/internal/video/convert.go:223.2,223.41 1 1
procreepy/internal/video/convert.go:224.3,225.1 1 1
procreepy/internal/video/convert.go:226.2,226.41 1 1
procreepy/internal/video/convert.go:227.3,228.1 1 0
procreepy/internal/video/convert.go:229.2,229.27 1 1
procreepy/internal/video/convert.go:230.3,232.17 3 1
procreepy/internal/video/convert.go:233.4,234.1 1 0
procreepy/internal/video/convert.go:235.3,235.37 1 1
procreepy/internal/video/convert.go:236.4,237.1 1 0
procreepy/internal/video/convert.go:238.3,240.17 3 1
procreepy/internal/video/convert.go:241.4,242.1 1 0
procreepy/internal/video/convert.go:244.2,244.15 1 1
procreepy/internal/video/convert.go:250.2,251.16 2 0
procreepy/internal/video/convert.go:252.3,253.1 1 0
procreepy/internal/video/convert.go:254.2,255.11 2 0
procreepy/internal/video/errors.go:10.39,10.53 1 1
procreepy/internal/video/errors.go:15.46,15.60 1 1
procreepy/internal/video/errors.go:20.39,20.53 1 1
procreepy/internal/video/input.go:34.2,34.22 1 1
procreepy/internal/video/input.go:35.3,36.1 1 1
procreepy/internal/video/input.go:43.2,44.16 2 1
procreepy/internal/video/input.go:45.3,45.22 1 1
procreepy/internal/video/input.go:46.4,47.1 1 0
procreepy/internal/video/input.go:48.3,48.32 1 1
procreepy/internal/video/input.go:49.4,51.1 1 0
procreepy/internal/video/input.go:52.3,52.50 1 1
procreepy/internal/video/input.go:54.2,55.36 2 1
procreepy/internal/video/input.go:56.3,57.1 1 1
procreepy/internal/video/input.go:58.2,58.16 1 1
procreepy/internal/video/input.go:59.3,60.1 1 0
procreepy/internal/video/input.go:61.2,61.16 1 1
procreepy/internal/video/input.go:62.3,63.1 1 0
procreepy/internal/video/input.go:64.2,64.27 1 1
procreepy/internal/video/input.go:65.3,66.1 1 1
procreepy/internal/video/input.go:67.2,68.16 2 0
procreepy/internal/video/input.go:69.3,70.1 1 0
procreepy/internal/video/input.go:71.2,72.36 2 0
procreepy/internal/video/input.go:77.2,79.16 3 1
procreepy/internal/video/input.go:80.3,81.1 1 0
procreepy/internal/video/input.go:82.2,82.50 1 1
procreepy/internal/video/input.go:83.3,84.37 2 0
procreepy/internal/video/input.go:85.4,87.1 1 0
procreepy/internal/video/input.go:88.3,88.80 1 0
procreepy/internal/video/input.go:90.2,92.16 3 1
procreepy/internal/video/input.go:93.3,94.1 1 0
procreepy/internal/video/input.go:95.2,96.37 2 1
procreepy/internal/video/input.go:97.3,98.1 1 1
procreepy/internal/video/input.go:99.2,99.16 1 1
procreepy/internal/video/input.go:100.3,101.1 1 0
procreepy/internal/video/input.go:102.2,103.34 2 1
procreepy/internal/video/input.go:104.3,106.1 2 1
procreepy/internal/video/input.go:107.2,107.66 1 1
procreepy/internal/video/input.go:107.68,107.87 1 1
procreepy/internal/video/input.go:113.2,113.62 1 1
procreepy/internal/video/input.go:114.3,114.14 1 1
procreepy/internal/video/input.go:115.4,115.12 1 1
procreepy/internal/video/input.go:117.3,117.54 1 0
procreepy/internal/video/input.go:118.4,119.1 1 0
procreepy/internal/video/input.go:121.2,121.62 1 1
procreepy/internal/video/input.go:122.3,122.70 1 1
procreepy/internal/video/input.go:123.4,126.1 3 1
procreepy/internal/video/input.go:128.2,128.11 1 0
procreepy/internal/video/input.go:133.2,137.1 3 1
procreepy/internal/video/input.go:142.2,143.36 2 1
procreepy/internal/video/input.go:144.3,145.14 2 1
procreepy/internal/video/input.go:146.4,147.1 1 1
procreepy/internal/video/input.go:149.2,149.20 1 0
procreepy/internal/video/input.go:154.2,154.44 1 1
procreepy/internal/video/input.go:155.3,155.34 1 1
procreepy/internal/video/input.go:156.4,157.1 1 1
procreepy/internal/video/input.go:159.2,159.10 1 0
procreepy/internal/video/input.go:164.2,164.9 1 1
procreepy/internal/video/input.go:166.3,166.19 1 0
procreepy/internal/video/input.go:168.3,168.13 1 1
procreepy/internal/video/output.go:38.2,38.36 1 1
procreepy/internal/video/output.go:39.3,40.1 1 1
procreepy/internal/video/output.go:41.2,41.80 1 1
procreepy/internal/video/output.go:42.3,43.16 2 1
procreepy/internal/video/output.go:46.4,46.74 1 1
procreepy/internal/video/output.go:47.5,48.1 1 0
procreepy/internal/video/output.go:50.3,50.15 1 1
procreepy/internal/video/output.go:51.4,53.1 1 1
procreepy/internal/video/output.go:54.3,54.24 1 1
procreepy/internal/video/output.go:55.4,56.1 1 1
procreepy/internal/video/output.go:57.3,58.54 2 1
procreepy/internal/video/output.go:60.2,60.69 1 1
procreepy/internal/video/output.go:65.2,67.12 3 1
procreepy/internal/video/output.go:68.3,69.1 1 0
procreepy/internal/video/output.go:70.2,70.23 1 1
procreepy/internal/video/output.go:76.2,77.43 2 1
procreepy/internal/video/output.go:78.3,79.1 1 1
procreepy/internal/video/output.go:80.2,80.71 1 1
procreepy/internal/video/output.go:84.2,86.1 2 1
procreepy/internal/video/output.go:89.2,91.1 2 1
procreepy/internal/video/output.go:97.2,97.16 1 1
procreepy/internal/video/output.go:99.3,99.33 1 1
procreepy/internal/video/output.go:100.4,102.1 1 0
procreepy/internal/video/output.go:104.3,105.17 2 1
procreepy/internal/video/output.go:106.4,107.1 1 0
procreepy/internal/video/output.go:108.3,109.68 2 1
procreepy/internal/video/output.go:110.4,112.1 2 1
procreepy/internal/video/output.go:113.3,114.43 1 1
procreepy/internal/video/output.go:115.4,115.79 1 1
procreepy/internal/video/output.go:116.5,117.1 1 1
procreepy/internal/video/output.go:119.3,121.32 3 1
procreepy/internal/video/output.go:122.4,123.1 1 1
procreepy/internal/video/output.go:124.3,124.71 1 1
procreepy/internal/video/output.go:125.4,126.1 1 0
procreepy/internal/video/output.go:127.4,129.1 2 1
procreepy/internal/video/output.go:131.2,131.12 1 1
procreepy/internal/video/output.go:136.2,140.1 3 1
procreepy/internal/video/output.go:143.2,145.9 3 1
procreepy/internal/video/output.go:146.3,147.1 1 0
procreepy/internal/video/output.go:148.2,148.45 1 1
procreepy/internal/video/output.go:153.2,155.1 2 1
procreepy/internal/video/report.go:19.2,21.16 3 1
procreepy/internal/video/report.go:22.3,23.1 1 0
procreepy/internal/video/report.go:24.2,26.16 3 1
procreepy/internal/video/report.go:27.3,28.1 1 0
procreepy/internal/video/report.go:29.2,31.16 3 1
procreepy/internal/video/report.go:32.3,33.1 1 0
procreepy/internal/video/report.go:35.2,37.19 3 1
procreepy/internal/video/report.go:38.3,40.26 3 1
procreepy/internal/video/report.go:41.4,42.1 1 1
procreepy/internal/video/report.go:44.2,44.20 1 1
procreepy/internal/video/report.go:45.3,46.1 1 1
procreepy/internal/video/report.go:47.2,47.25 1 1
procreepy/internal/video/report.go:53.2,54.16 2 1
procreepy/internal/video/report.go:55.3,56.1 1 0
procreepy/internal/video/report.go:57.2,59.16 3 1
procreepy/internal/video/report.go:60.3,61.1 1 0
procreepy/internal/video/report.go:62.2,64.16 3 1
procreepy/internal/video/report.go:65.3,66.1 1 1
procreepy/internal/video/report.go:68.2,75.27 8 1
procreepy/internal/video/report.go:76.3,76.37 1 1
procreepy/internal/video/report.go:77.4,78.1 1 0
procreepy/internal/video/report.go:79.3,80.18 2 1
procreepy/internal/video/report.go:81.4,83.12 3 1
procreepy/internal/video/report.go:85.3,87.28 3 1
procreepy/internal/video/report.go:88.4,89.1 1 1
procreepy/internal/video/report.go:90.3,91.28 2 1
procreepy/internal/video/report.go:92.4,93.1 1 1
procreepy/internal/video/report.go:94.3,95.38 1 1
procreepy/internal/video/report.go:97.2,97.16 1 1
procreepy/internal/video/report.go:98.3,100.1 1 1
procreepy/internal/video/report.go:102.2,102.59 1 1
procreepy/internal/video/report.go:103.3,104.1 1 1
procreepy/internal/video/report.go:105.2,106.25 2 1
procreepy/internal/video/report.go:113.2,113.52 1 1
procreepy/internal/video/report.go:114.3,115.32 2 0
procreepy/internal/video/report.go:116.4,117.1 1 0
procreepy/internal/video/report.go:118.3,118.74 1 0
procreepy/internal/video/report.go:120.2,120.12 1 1
